// Jest Snapshot v1, https://goo.gl/fbAQLP

exports[`<Header/> should match snapshot 1`] = `
<div>
  <header
    class="header"
  >
    <p
      class="header-title"
    >
      Learning React Project
    </p>
    <ul
      class="header-links"
    >
      <li
        class="link"
      >
        <a
          href="/"
        >
          Test1
        </a>
      </li>
      <li
        class="link"
      >
        <a
          href="/test"
        >
          Test2
        </a>
      </li>
    </ul>
  </header>
</div>
`;
