// Jest Snapshot v1, https://goo.gl/fbAQLP

exports[`<Header/> should match snapshot 1`] = `
<div>
  <div
    class="review-list"
  >
    <div
      class="review-card"
    >
      <h5
        class="review-title"
      >
        name 1
      </h5>
      <span
        class="review-rate"
      >
        1
      </span>
      <img
        alt="review image"
        class="review-image"
        src="src/1"
      />
      <p
        class="review-description__title"
      >
        Review
      </p>
      <p
        class="review-description"
      >
        test description 1
      </p>
    </div>
    <div
      class="review-card"
    >
      <h5
        class="review-title"
      >
        name 2
      </h5>
      <span
        class="review-rate"
      >
        2
      </span>
      <img
        alt="review image"
        class="review-image"
        src="src/2"
      />
      <p
        class="review-description__title"
      >
        Review
      </p>
      <p
        class="review-description"
      >
        test description 2
      </p>
    </div>
    <div
      class="review-card"
    >
      <h5
        class="review-title"
      >
        name 3
      </h5>
      <span
        class="review-rate"
      >
        3
      </span>
      <img
        alt="review image"
        class="review-image"
        src="src/3"
      />
      <p
        class="review-description__title"
      >
        Review
      </p>
      <p
        class="review-description"
      >
        test description 3
      </p>
    </div>
  </div>
</div>
`;
